Archive member included to satisfy reference by file (symbol)

c:/mounriver/mrs_community/toolchain/risc-v embedded gcc/bin/../lib/gcc/riscv-none-embed/8.2.0/rv32ec/ilp32e\libgcc.a(save-restore.o)
                              ./User/DAC_MCP4725.o (__riscv_save_2)
c:/mounriver/mrs_community/toolchain/risc-v embedded gcc/bin/../lib/gcc/riscv-none-embed/8.2.0/rv32ec/ilp32e\libgcc.a(muldi3.o)
                              ./User/buffer_fifo.o (__mulsi3)
c:/mounriver/mrs_community/toolchain/risc-v embedded gcc/bin/../lib/gcc/riscv-none-embed/8.2.0/rv32ec/ilp32e\libgcc.a(div.o)
                              ./User/main.o (__divsi3)
c:/mounriver/mrs_community/toolchain/risc-v embedded gcc/bin/../lib/gcc/riscv-none-embed/8.2.0/../../../../riscv-none-embed/lib/rv32ec/ilp32e\libg_nano.a(lib_a-memset.o)
                              ./User/main.o (memset)

Discarded input sections

 .text          0x0000000000000000        0x0 ./User/DAC_MCP4725.o
 .data          0x0000000000000000        0x0 ./User/DAC_MCP4725.o
 .bss           0x0000000000000000        0x0 ./User/DAC_MCP4725.o
 .text.MCP_fast_sample_single
                0x0000000000000000      0x10a ./User/DAC_MCP4725.o
 .text          0x0000000000000000        0x0 ./User/buffer_fifo.o
 .data          0x0000000000000000        0x0 ./User/buffer_fifo.o
 .bss           0x0000000000000000        0x0 ./User/buffer_fifo.o
 .text          0x0000000000000000        0x0 ./User/ch32v00x_it.o
 .data          0x0000000000000000        0x0 ./User/ch32v00x_it.o
 .bss           0x0000000000000000        0x0 ./User/ch32v00x_it.o
 .text          0x0000000000000000        0x0 ./User/main.o
 .data          0x0000000000000000        0x0 ./User/main.o
 .bss           0x0000000000000000        0x0 ./User/main.o
 .text.Get_ADC_Val
                0x0000000000000000       0x44 ./User/main.o
 .bss.adv       0x0000000000000000        0x2 ./User/main.o
 .text          0x0000000000000000        0x0 ./User/system_ch32v00x.o
 .data          0x0000000000000000        0x0 ./User/system_ch32v00x.o
 .bss           0x0000000000000000        0x0 ./User/system_ch32v00x.o
 .text          0x0000000000000000        0x0 ./User/table_sin.o
 .data          0x0000000000000000        0x0 ./User/table_sin.o
 .bss           0x0000000000000000        0x0 ./User/table_sin.o
 .text          0x0000000000000000        0x0 ./User/usart_com.o
 .data          0x0000000000000000        0x0 ./User/usart_com.o
 .bss           0x0000000000000000        0x0 ./User/usart_com.o
 .text.conv_int2str
                0x0000000000000000       0xd6 ./User/usart_com.o
 .text.str_cat  0x0000000000000000       0x20 ./User/usart_com.o
 .text.str_len  0x0000000000000000       0x14 ./User/usart_com.o
 .text          0x0000000000000000        0x0 ./Startup/startup_ch32v00x.o
 .data          0x0000000000000000        0x0 ./Startup/startup_ch32v00x.o
 .bss           0x0000000000000000        0x0 ./Startup/startup_ch32v00x.o
 .text          0x0000000000000000        0x0 ./Peripheral/src/ch32v00x_adc.o
 .data          0x0000000000000000        0x0 ./Peripheral/src/ch32v00x_adc.o
 .bss           0x0000000000000000        0x0 ./Peripheral/src/ch32v00x_adc.o
 .text.ADC_StructInit
                0x0000000000000000       0x1c ./Peripheral/src/ch32v00x_adc.o
 .text.ADC_DMACmd
                0x0000000000000000       0x12 ./Peripheral/src/ch32v00x_adc.o
 .text.ADC_ITConfig
                0x0000000000000000       0x16 ./Peripheral/src/ch32v00x_adc.o
 .text.ADC_SoftwareStartConvCmd
                0x0000000000000000       0x18 ./Peripheral/src/ch32v00x_adc.o
 .text.ADC_GetSoftwareStartConvStatus
                0x0000000000000000        0x8 ./Peripheral/src/ch32v00x_adc.o
 .text.ADC_DiscModeChannelCountConfig
                0x0000000000000000       0x12 ./Peripheral/src/ch32v00x_adc.o
 .text.ADC_DiscModeCmd
                0x0000000000000000       0x1a ./Peripheral/src/ch32v00x_adc.o
 .text.ADC_ExternalTrigConvCmd
                0x0000000000000000       0x18 ./Peripheral/src/ch32v00x_adc.o
 .text.ADC_GetConversionValue
                0x0000000000000000        0x8 ./Peripheral/src/ch32v00x_adc.o
 .text.ADC_InjectedDiscModeCmd
                0x0000000000000000       0x14 ./Peripheral/src/ch32v00x_adc.o
 .text.ADC_ExternalTrigInjectedConvConfig
                0x0000000000000000        0xe ./Peripheral/src/ch32v00x_adc.o
 .text.ADC_ExternalTrigInjectedConvCmd
                0x0000000000000000       0x14 ./Peripheral/src/ch32v00x_adc.o
 .text.ADC_SoftwareStartInjectedConvCmd
                0x0000000000000000       0x18 ./Peripheral/src/ch32v00x_adc.o
 .text.ADC_GetSoftwareStartInjectedConvCmdStatus
                0x0000000000000000        0x8 ./Peripheral/src/ch32v00x_adc.o
 .text.ADC_InjectedChannelConfig
                0x0000000000000000       0x7a ./Peripheral/src/ch32v00x_adc.o
 .text.ADC_InjectedSequencerLengthConfig
                0x0000000000000000       0x14 ./Peripheral/src/ch32v00x_adc.o
 .text.ADC_SetInjectedOffset
                0x0000000000000000       0x14 ./Peripheral/src/ch32v00x_adc.o
 .text.ADC_GetInjectedConversionValue
                0x0000000000000000       0x1c ./Peripheral/src/ch32v00x_adc.o
 .text.ADC_AnalogWatchdogCmd
                0x0000000000000000       0x12 ./Peripheral/src/ch32v00x_adc.o
 .text.ADC_AnalogWatchdogThresholdsConfig
                0x0000000000000000        0x6 ./Peripheral/src/ch32v00x_adc.o
 .text.ADC_AnalogWatchdogSingleChannelConfig
                0x0000000000000000        0xa ./Peripheral/src/ch32v00x_adc.o
 .text.ADC_GetFlagStatus
                0x0000000000000000        0xa ./Peripheral/src/ch32v00x_adc.o
 .text.ADC_ClearFlag
                0x0000000000000000        0x8 ./Peripheral/src/ch32v00x_adc.o
 .text.ADC_GetITStatus
                0x0000000000000000       0x1c ./Peripheral/src/ch32v00x_adc.o
 .text.ADC_ClearITPendingBit
                0x0000000000000000        0xa ./Peripheral/src/ch32v00x_adc.o
 .text.ADC_ExternalTrig_DLY
                0x0000000000000000       0x16 ./Peripheral/src/ch32v00x_adc.o
 .text          0x0000000000000000        0x0 ./Peripheral/src/ch32v00x_dbgmcu.o
 .data          0x0000000000000000        0x0 ./Peripheral/src/ch32v00x_dbgmcu.o
 .bss           0x0000000000000000        0x0 ./Peripheral/src/ch32v00x_dbgmcu.o
 .text.DBGMCU_GetREVID
                0x0000000000000000        0xa ./Peripheral/src/ch32v00x_dbgmcu.o
 .text.DBGMCU_GetDEVID
                0x0000000000000000        0xa ./Peripheral/src/ch32v00x_dbgmcu.o
 .text.__get_DEBUG_CR
                0x0000000000000000        0x6 ./Peripheral/src/ch32v00x_dbgmcu.o
 .text.__set_DEBUG_CR
                0x0000000000000000        0x6 ./Peripheral/src/ch32v00x_dbgmcu.o
 .text.DBGMCU_Config
                0x0000000000000000       0x14 ./Peripheral/src/ch32v00x_dbgmcu.o
 .text.DBGMCU_GetCHIPID
                0x0000000000000000        0xa ./Peripheral/src/ch32v00x_dbgmcu.o
 .debug_info    0x0000000000000000      0xa94 ./Peripheral/src/ch32v00x_dbgmcu.o
 .debug_abbrev  0x0000000000000000      0x2f7 ./Peripheral/src/ch32v00x_dbgmcu.o
 .debug_loc     0x0000000000000000       0x6e ./Peripheral/src/ch32v00x_dbgmcu.o
 .debug_aranges
                0x0000000000000000       0x48 ./Peripheral/src/ch32v00x_dbgmcu.o
 .debug_ranges  0x0000000000000000       0x50 ./Peripheral/src/ch32v00x_dbgmcu.o
 .debug_line    0x0000000000000000      0x37a ./Peripheral/src/ch32v00x_dbgmcu.o
 .debug_str     0x0000000000000000      0x645 ./Peripheral/src/ch32v00x_dbgmcu.o
 .comment       0x0000000000000000       0x34 ./Peripheral/src/ch32v00x_dbgmcu.o
 .debug_frame   0x0000000000000000       0x70 ./Peripheral/src/ch32v00x_dbgmcu.o
 .text          0x0000000000000000        0x0 ./Peripheral/src/ch32v00x_dma.o
 .data          0x0000000000000000        0x0 ./Peripheral/src/ch32v00x_dma.o
 .bss           0x0000000000000000        0x0 ./Peripheral/src/ch32v00x_dma.o
 .text.DMA_DeInit
                0x0000000000000000       0x92 ./Peripheral/src/ch32v00x_dma.o
 .text.DMA_Init
                0x0000000000000000       0x38 ./Peripheral/src/ch32v00x_dma.o
 .text.DMA_StructInit
                0x0000000000000000       0x2e ./Peripheral/src/ch32v00x_dma.o
 .text.DMA_Cmd  0x0000000000000000       0x14 ./Peripheral/src/ch32v00x_dma.o
 .text.DMA_ITConfig
                0x0000000000000000       0x12 ./Peripheral/src/ch32v00x_dma.o
 .text.DMA_SetCurrDataCounter
                0x0000000000000000        0x4 ./Peripheral/src/ch32v00x_dma.o
 .text.DMA_GetCurrDataCounter
                0x0000000000000000        0x8 ./Peripheral/src/ch32v00x_dma.o
 .text.DMA_GetFlagStatus
                0x0000000000000000        0xe ./Peripheral/src/ch32v00x_dma.o
 .text.DMA_ClearFlag
                0x0000000000000000        0x8 ./Peripheral/src/ch32v00x_dma.o
 .text.DMA_GetITStatus
                0x0000000000000000       0x18 ./Peripheral/src/ch32v00x_dma.o
 .text.DMA_ClearITPendingBit
                0x0000000000000000        0x8 ./Peripheral/src/ch32v00x_dma.o
 .debug_info    0x0000000000000000      0xd17 ./Peripheral/src/ch32v00x_dma.o
 .debug_abbrev  0x0000000000000000      0x302 ./Peripheral/src/ch32v00x_dma.o
 .debug_loc     0x0000000000000000      0x14a ./Peripheral/src/ch32v00x_dma.o
 .debug_aranges
                0x0000000000000000       0x60 ./Peripheral/src/ch32v00x_dma.o
 .debug_ranges  0x0000000000000000       0x50 ./Peripheral/src/ch32v00x_dma.o
 .debug_line    0x0000000000000000      0x79b ./Peripheral/src/ch32v00x_dma.o
 .debug_str     0x0000000000000000      0x7f2 ./Peripheral/src/ch32v00x_dma.o
 .comment       0x0000000000000000       0x34 ./Peripheral/src/ch32v00x_dma.o
 .debug_frame   0x0000000000000000       0xcc ./Peripheral/src/ch32v00x_dma.o
 .text          0x0000000000000000        0x0 ./Peripheral/src/ch32v00x_exti.o
 .data          0x0000000000000000        0x0 ./Peripheral/src/ch32v00x_exti.o
 .bss           0x0000000000000000        0x0 ./Peripheral/src/ch32v00x_exti.o
 .text.EXTI_DeInit
                0x0000000000000000       0x22 ./Peripheral/src/ch32v00x_exti.o
 .text.EXTI_Init
                0x0000000000000000       0x6a ./Peripheral/src/ch32v00x_exti.o
 .text.EXTI_StructInit
                0x0000000000000000       0x12 ./Peripheral/src/ch32v00x_exti.o
 .text.EXTI_GenerateSWInterrupt
                0x0000000000000000       0x10 ./Peripheral/src/ch32v00x_exti.o
 .text.EXTI_GetFlagStatus
                0x0000000000000000       0x12 ./Peripheral/src/ch32v00x_exti.o
 .text.EXTI_ClearFlag
                0x0000000000000000        0xa ./Peripheral/src/ch32v00x_exti.o
 .text.EXTI_GetITStatus
                0x0000000000000000       0x1e ./Peripheral/src/ch32v00x_exti.o
 .text.EXTI_ClearITPendingBit
                0x0000000000000000        0xa ./Peripheral/src/ch32v00x_exti.o
 .debug_info    0x0000000000000000      0xc05 ./Peripheral/src/ch32v00x_exti.o
 .debug_abbrev  0x0000000000000000      0x2da ./Peripheral/src/ch32v00x_exti.o
 .debug_loc     0x0000000000000000      0x181 ./Peripheral/src/ch32v00x_exti.o
 .debug_aranges
                0x0000000000000000       0x50 ./Peripheral/src/ch32v00x_exti.o
 .debug_ranges  0x0000000000000000       0x40 ./Peripheral/src/ch32v00x_exti.o
 .debug_line    0x0000000000000000      0x5d4 ./Peripheral/src/ch32v00x_exti.o
 .debug_str     0x0000000000000000      0x78c ./Peripheral/src/ch32v00x_exti.o
 .comment       0x0000000000000000       0x34 ./Peripheral/src/ch32v00x_exti.o
 .debug_frame   0x0000000000000000       0x90 ./Peripheral/src/ch32v00x_exti.o
 .text          0x0000000000000000        0x0 ./Peripheral/src/ch32v00x_flash.o
 .data          0x0000000000000000        0x0 ./Peripheral/src/ch32v00x_flash.o
 .bss           0x0000000000000000        0x0 ./Peripheral/src/ch32v00x_flash.o
 .text.ROM_ERASE
                0x0000000000000000       0x60 ./Peripheral/src/ch32v00x_flash.o
 .text.FLASH_SetLatency
                0x0000000000000000       0x10 ./Peripheral/src/ch32v00x_flash.o
 .text.FLASH_Unlock
                0x0000000000000000       0x1a ./Peripheral/src/ch32v00x_flash.o
 .text.FLASH_Lock
                0x0000000000000000        0xe ./Peripheral/src/ch32v00x_flash.o
 .text.FLASH_GetUserOptionByte
                0x0000000000000000        0xa ./Peripheral/src/ch32v00x_flash.o
 .text.FLASH_GetWriteProtectionOptionByte
                0x0000000000000000        0x8 ./Peripheral/src/ch32v00x_flash.o
 .text.FLASH_GetReadOutProtectionStatus
                0x0000000000000000        0xc ./Peripheral/src/ch32v00x_flash.o
 .text.FLASH_ITConfig
                0x0000000000000000       0x1e ./Peripheral/src/ch32v00x_flash.o
 .text.FLASH_GetFlagStatus
                0x0000000000000000       0x1e ./Peripheral/src/ch32v00x_flash.o
 .text.FLASH_ClearFlag
                0x0000000000000000        0x8 ./Peripheral/src/ch32v00x_flash.o
 .text.FLASH_GetStatus
                0x0000000000000000       0x18 ./Peripheral/src/ch32v00x_flash.o
 .text.FLASH_GetBank1Status
                0x0000000000000000       0x18 ./Peripheral/src/ch32v00x_flash.o
 .text.FLASH_WaitForLastOperation
                0x0000000000000000       0x34 ./Peripheral/src/ch32v00x_flash.o
 .text.FLASH_ErasePage
                0x0000000000000000       0x4c ./Peripheral/src/ch32v00x_flash.o
 .text.FLASH_EraseAllPages
                0x0000000000000000       0x48 ./Peripheral/src/ch32v00x_flash.o
 .text.FLASH_EraseOptionBytes
                0x0000000000000000       0x9a ./Peripheral/src/ch32v00x_flash.o
 .text.FLASH_ProgramWord
                0x0000000000000000       0x72 ./Peripheral/src/ch32v00x_flash.o
 .text.FLASH_ProgramHalfWord
                0x0000000000000000       0x4a ./Peripheral/src/ch32v00x_flash.o
 .text.FLASH_ProgramOptionByteData
                0x0000000000000000       0x68 ./Peripheral/src/ch32v00x_flash.o
 .text.FLASH_EnableWriteProtection
                0x0000000000000000       0x9e ./Peripheral/src/ch32v00x_flash.o
 .text.FLASH_ReadOutProtection
                0x0000000000000000       0xae ./Peripheral/src/ch32v00x_flash.o
 .text.FLASH_UserOptionByteConfig
                0x0000000000000000       0x80 ./Peripheral/src/ch32v00x_flash.o
 .text.FLASH_WaitForLastBank1Operation
                0x0000000000000000       0x18 ./Peripheral/src/ch32v00x_flash.o
 .text.FLASH_Unlock_Fast
                0x0000000000000000       0x1e ./Peripheral/src/ch32v00x_flash.o
 .text.FLASH_Lock_Fast
                0x0000000000000000        0xe ./Peripheral/src/ch32v00x_flash.o
 .text.FLASH_BufReset
                0x0000000000000000       0x28 ./Peripheral/src/ch32v00x_flash.o
 .text.FLASH_BufLoad
                0x0000000000000000       0x36 ./Peripheral/src/ch32v00x_flash.o
 .text.FLASH_ErasePage_Fast
                0x0000000000000000       0x36 ./Peripheral/src/ch32v00x_flash.o
 .text.FLASH_ProgramPage_Fast
                0x0000000000000000       0x34 ./Peripheral/src/ch32v00x_flash.o
 .text.SystemReset_StartMode
                0x0000000000000000       0x56 ./Peripheral/src/ch32v00x_flash.o
 .text.FLASH_ROM_ERASE
                0x0000000000000000      0x140 ./Peripheral/src/ch32v00x_flash.o
 .text.FLASH_ROM_WRITE
                0x0000000000000000       0xf6 ./Peripheral/src/ch32v00x_flash.o
 .debug_info    0x0000000000000000     0x1492 ./Peripheral/src/ch32v00x_flash.o
 .debug_abbrev  0x0000000000000000      0x3fa ./Peripheral/src/ch32v00x_flash.o
 .debug_loc     0x0000000000000000      0xaf1 ./Peripheral/src/ch32v00x_flash.o
 .debug_aranges
                0x0000000000000000      0x110 ./Peripheral/src/ch32v00x_flash.o
 .debug_ranges  0x0000000000000000      0x100 ./Peripheral/src/ch32v00x_flash.o
 .debug_line    0x0000000000000000     0x1c23 ./Peripheral/src/ch32v00x_flash.o
 .debug_str     0x0000000000000000      0xabc ./Peripheral/src/ch32v00x_flash.o
 .comment       0x0000000000000000       0x34 ./Peripheral/src/ch32v00x_flash.o
 .debug_frame   0x0000000000000000      0x324 ./Peripheral/src/ch32v00x_flash.o
 .text          0x0000000000000000        0x0 ./Peripheral/src/ch32v00x_gpio.o
 .data          0x0000000000000000        0x0 ./Peripheral/src/ch32v00x_gpio.o
 .bss           0x0000000000000000        0x0 ./Peripheral/src/ch32v00x_gpio.o
 .text.GPIO_DeInit
                0x0000000000000000       0x68 ./Peripheral/src/ch32v00x_gpio.o
 .text.GPIO_AFIODeInit
                0x0000000000000000       0x28 ./Peripheral/src/ch32v00x_gpio.o
 .text.GPIO_StructInit
                0x0000000000000000       0x10 ./Peripheral/src/ch32v00x_gpio.o
 .text.GPIO_ReadInputDataBit
                0x0000000000000000        0xa ./Peripheral/src/ch32v00x_gpio.o
 .text.GPIO_ReadInputData
                0x0000000000000000        0x8 ./Peripheral/src/ch32v00x_gpio.o
 .text.GPIO_ReadOutputDataBit
                0x0000000000000000        0xa ./Peripheral/src/ch32v00x_gpio.o
 .text.GPIO_ReadOutputData
                0x0000000000000000        0x8 ./Peripheral/src/ch32v00x_gpio.o
 .text.GPIO_SetBits
                0x0000000000000000        0x4 ./Peripheral/src/ch32v00x_gpio.o
 .text.GPIO_ResetBits
                0x0000000000000000        0x4 ./Peripheral/src/ch32v00x_gpio.o
 .text.GPIO_Write
                0x0000000000000000        0x4 ./Peripheral/src/ch32v00x_gpio.o
 .text.GPIO_PinLockConfig
                0x0000000000000000       0x10 ./Peripheral/src/ch32v00x_gpio.o
 .text.GPIO_PinRemapConfig
                0x0000000000000000       0xc4 ./Peripheral/src/ch32v00x_gpio.o
 .text.GPIO_EXTILineConfig
                0x0000000000000000       0x22 ./Peripheral/src/ch32v00x_gpio.o
 .text.GPIO_IPD_Unused
                0x0000000000000000       0xaa ./Peripheral/src/ch32v00x_gpio.o
 .text          0x0000000000000000        0x0 ./Peripheral/src/ch32v00x_i2c.o
 .data          0x0000000000000000        0x0 ./Peripheral/src/ch32v00x_i2c.o
 .bss           0x0000000000000000        0x0 ./Peripheral/src/ch32v00x_i2c.o
 .text.I2C_DeInit
                0x0000000000000000       0x3a ./Peripheral/src/ch32v00x_i2c.o
 .text.I2C_StructInit
                0x0000000000000000       0x1a ./Peripheral/src/ch32v00x_i2c.o
 .text.I2C_DMACmd
                0x0000000000000000       0x22 ./Peripheral/src/ch32v00x_i2c.o
 .text.I2C_DMALastTransferCmd
                0x0000000000000000       0x1c ./Peripheral/src/ch32v00x_i2c.o
 .text.I2C_OwnAddress2Config
                0x0000000000000000       0x18 ./Peripheral/src/ch32v00x_i2c.o
 .text.I2C_DualAddressCmd
                0x0000000000000000       0x1c ./Peripheral/src/ch32v00x_i2c.o
 .text.I2C_GeneralCallCmd
                0x0000000000000000       0x1e ./Peripheral/src/ch32v00x_i2c.o
 .text.I2C_ITConfig
                0x0000000000000000       0x16 ./Peripheral/src/ch32v00x_i2c.o
 .text.I2C_ReceiveData
                0x0000000000000000        0xa ./Peripheral/src/ch32v00x_i2c.o
 .text.I2C_ReadRegister
                0x0000000000000000       0x16 ./Peripheral/src/ch32v00x_i2c.o
 .text.I2C_SoftwareResetCmd
                0x0000000000000000       0x16 ./Peripheral/src/ch32v00x_i2c.o
 .text.I2C_NACKPositionConfig
                0x0000000000000000       0x26 ./Peripheral/src/ch32v00x_i2c.o
 .text.I2C_TransmitPEC
                0x0000000000000000       0x1c ./Peripheral/src/ch32v00x_i2c.o
 .text.I2C_PECPositionConfig
                0x0000000000000000       0x18 ./Peripheral/src/ch32v00x_i2c.o
 .text.I2C_CalculatePEC
                0x0000000000000000       0x1e ./Peripheral/src/ch32v00x_i2c.o
 .text.I2C_GetPEC
                0x0000000000000000        0x8 ./Peripheral/src/ch32v00x_i2c.o
 .text.I2C_ARPCmd
                0x0000000000000000       0x1c ./Peripheral/src/ch32v00x_i2c.o
 .text.I2C_StretchClockCmd
                0x0000000000000000       0x1e ./Peripheral/src/ch32v00x_i2c.o
 .text.I2C_FastModeDutyCycleConfig
                0x0000000000000000       0x20 ./Peripheral/src/ch32v00x_i2c.o
 .text.I2C_GetLastEvent
                0x0000000000000000       0x12 ./Peripheral/src/ch32v00x_i2c.o
 .text.I2C_ClearFlag
                0x0000000000000000        0xe ./Peripheral/src/ch32v00x_i2c.o
 .text.I2C_GetITStatus
                0x0000000000000000       0x24 ./Peripheral/src/ch32v00x_i2c.o
 .text.I2C_ClearITPendingBit
                0x0000000000000000        0xe ./Peripheral/src/ch32v00x_i2c.o
 .text          0x0000000000000000        0x0 ./Peripheral/src/ch32v00x_iwdg.o
 .data          0x0000000000000000        0x0 ./Peripheral/src/ch32v00x_iwdg.o
 .bss           0x0000000000000000        0x0 ./Peripheral/src/ch32v00x_iwdg.o
 .text.IWDG_WriteAccessCmd
                0x0000000000000000        0x8 ./Peripheral/src/ch32v00x_iwdg.o
 .text.IWDG_SetPrescaler
                0x0000000000000000        0x8 ./Peripheral/src/ch32v00x_iwdg.o
 .text.IWDG_SetReload
                0x0000000000000000        0x8 ./Peripheral/src/ch32v00x_iwdg.o
 .text.IWDG_ReloadCounter
                0x0000000000000000        0xe ./Peripheral/src/ch32v00x_iwdg.o
 .text.IWDG_Enable
                0x0000000000000000        0xe ./Peripheral/src/ch32v00x_iwdg.o
 .text.IWDG_GetFlagStatus
                0x0000000000000000        0xe ./Peripheral/src/ch32v00x_iwdg.o
 .debug_info    0x0000000000000000      0xaae ./Peripheral/src/ch32v00x_iwdg.o
 .debug_abbrev  0x0000000000000000      0x282 ./Peripheral/src/ch32v00x_iwdg.o
 .debug_loc     0x0000000000000000       0x68 ./Peripheral/src/ch32v00x_iwdg.o
 .debug_aranges
                0x0000000000000000       0x48 ./Peripheral/src/ch32v00x_iwdg.o
 .debug_ranges  0x0000000000000000       0x38 ./Peripheral/src/ch32v00x_iwdg.o
 .debug_line    0x0000000000000000      0x3af ./Peripheral/src/ch32v00x_iwdg.o
 .debug_str     0x0000000000000000      0x69e ./Peripheral/src/ch32v00x_iwdg.o
 .comment       0x0000000000000000       0x34 ./Peripheral/src/ch32v00x_iwdg.o
 .debug_frame   0x0000000000000000       0x70 ./Peripheral/src/ch32v00x_iwdg.o
 .text          0x0000000000000000        0x0 ./Peripheral/src/ch32v00x_misc.o
 .data          0x0000000000000000        0x0 ./Peripheral/src/ch32v00x_misc.o
 .bss           0x0000000000000000        0x0 ./Peripheral/src/ch32v00x_misc.o
 .text          0x0000000000000000        0x0 ./Peripheral/src/ch32v00x_opa.o
 .data          0x0000000000000000        0x0 ./Peripheral/src/ch32v00x_opa.o
 .bss           0x0000000000000000        0x0 ./Peripheral/src/ch32v00x_opa.o
 .text.OPA_DeInit
                0x0000000000000000       0x16 ./Peripheral/src/ch32v00x_opa.o
 .text.OPA_Init
                0x0000000000000000       0x22 ./Peripheral/src/ch32v00x_opa.o
 .text.OPA_StructInit
                0x0000000000000000        0xa ./Peripheral/src/ch32v00x_opa.o
 .text.OPA_Cmd  0x0000000000000000       0x2c ./Peripheral/src/ch32v00x_opa.o
 .debug_info    0x0000000000000000      0xaa5 ./Peripheral/src/ch32v00x_opa.o
 .debug_abbrev  0x0000000000000000      0x230 ./Peripheral/src/ch32v00x_opa.o
 .debug_loc     0x0000000000000000       0x35 ./Peripheral/src/ch32v00x_opa.o
 .debug_aranges
                0x0000000000000000       0x38 ./Peripheral/src/ch32v00x_opa.o
 .debug_ranges  0x0000000000000000       0x28 ./Peripheral/src/ch32v00x_opa.o
 .debug_line    0x0000000000000000      0x3e9 ./Peripheral/src/ch32v00x_opa.o
 .debug_str     0x0000000000000000      0x66c ./Peripheral/src/ch32v00x_opa.o
 .comment       0x0000000000000000       0x34 ./Peripheral/src/ch32v00x_opa.o
 .debug_frame   0x0000000000000000       0x50 ./Peripheral/src/ch32v00x_opa.o
 .text          0x0000000000000000        0x0 ./Peripheral/src/ch32v00x_pwr.o
 .data          0x0000000000000000        0x0 ./Peripheral/src/ch32v00x_pwr.o
 .bss           0x0000000000000000        0x0 ./Peripheral/src/ch32v00x_pwr.o
 .text.PWR_DeInit
                0x0000000000000000       0x2c ./Peripheral/src/ch32v00x_pwr.o
 .text.PWR_PVDCmd
                0x0000000000000000       0x14 ./Peripheral/src/ch32v00x_pwr.o
 .text.PWR_PVDLevelConfig
                0x0000000000000000       0x10 ./Peripheral/src/ch32v00x_pwr.o
 .text.PWR_AutoWakeUpCmd
                0x0000000000000000       0x14 ./Peripheral/src/ch32v00x_pwr.o
 .text.PWR_AWU_SetPrescaler
                0x0000000000000000        0xe ./Peripheral/src/ch32v00x_pwr.o
 .text.PWR_AWU_SetWindowValue
                0x0000000000000000       0x1e ./Peripheral/src/ch32v00x_pwr.o
 .text.PWR_EnterSTANDBYMode
                0x0000000000000000       0x82 ./Peripheral/src/ch32v00x_pwr.o
 .text.PWR_GetFlagStatus
                0x0000000000000000        0xe ./Peripheral/src/ch32v00x_pwr.o
 .debug_info    0x0000000000000000      0xe7f ./Peripheral/src/ch32v00x_pwr.o
 .debug_abbrev  0x0000000000000000      0x34a ./Peripheral/src/ch32v00x_pwr.o
 .debug_loc     0x0000000000000000      0x12a ./Peripheral/src/ch32v00x_pwr.o
 .debug_aranges
                0x0000000000000000       0x58 ./Peripheral/src/ch32v00x_pwr.o
 .debug_ranges  0x0000000000000000       0x88 ./Peripheral/src/ch32v00x_pwr.o
 .debug_line    0x0000000000000000      0x657 ./Peripheral/src/ch32v00x_pwr.o
 .debug_str     0x0000000000000000      0x7df ./Peripheral/src/ch32v00x_pwr.o
 .comment       0x0000000000000000       0x34 ./Peripheral/src/ch32v00x_pwr.o
 .debug_frame   0x0000000000000000       0xa4 ./Peripheral/src/ch32v00x_pwr.o
 .text          0x0000000000000000        0x0 ./Peripheral/src/ch32v00x_rcc.o
 .data          0x0000000000000000        0x0 ./Peripheral/src/ch32v00x_rcc.o
 .bss           0x0000000000000000        0x0 ./Peripheral/src/ch32v00x_rcc.o
 .text.RCC_DeInit
                0x0000000000000000       0x40 ./Peripheral/src/ch32v00x_rcc.o
 .text.RCC_HSEConfig
                0x0000000000000000       0x3c ./Peripheral/src/ch32v00x_rcc.o
 .text.RCC_AdjustHSICalibrationValue
                0x0000000000000000       0x12 ./Peripheral/src/ch32v00x_rcc.o
 .text.RCC_HSICmd
                0x0000000000000000       0x14 ./Peripheral/src/ch32v00x_rcc.o
 .text.RCC_PLLConfig
                0x0000000000000000       0x14 ./Peripheral/src/ch32v00x_rcc.o
 .text.RCC_PLLCmd
                0x0000000000000000       0x24 ./Peripheral/src/ch32v00x_rcc.o
 .text.RCC_SYSCLKConfig
                0x0000000000000000        0xe ./Peripheral/src/ch32v00x_rcc.o
 .text.RCC_GetSYSCLKSource
                0x0000000000000000        0xa ./Peripheral/src/ch32v00x_rcc.o
 .text.RCC_HCLKConfig
                0x0000000000000000       0x10 ./Peripheral/src/ch32v00x_rcc.o
 .text.RCC_ITConfig
                0x0000000000000000       0x1a ./Peripheral/src/ch32v00x_rcc.o
 .text.RCC_LSICmd
                0x0000000000000000       0x14 ./Peripheral/src/ch32v00x_rcc.o
 .text.RCC_AHBPeriphClockCmd
                0x0000000000000000       0x1e ./Peripheral/src/ch32v00x_rcc.o
 .text.RCC_APB1PeriphResetCmd
                0x0000000000000000       0x1e ./Peripheral/src/ch32v00x_rcc.o
 .text.RCC_ClockSecuritySystemCmd
                0x0000000000000000       0x24 ./Peripheral/src/ch32v00x_rcc.o
 .text.RCC_MCOConfig
                0x0000000000000000        0xa ./Peripheral/src/ch32v00x_rcc.o
 .text.RCC_GetFlagStatus
                0x0000000000000000       0x20 ./Peripheral/src/ch32v00x_rcc.o
 .text.RCC_WaitForHSEStartUp
                0x0000000000000000       0x42 ./Peripheral/src/ch32v00x_rcc.o
 .text.RCC_ClearFlag
                0x0000000000000000       0x10 ./Peripheral/src/ch32v00x_rcc.o
 .text.RCC_GetITStatus
                0x0000000000000000        0xe ./Peripheral/src/ch32v00x_rcc.o
 .text.RCC_ClearITPendingBit
                0x0000000000000000        0xa ./Peripheral/src/ch32v00x_rcc.o
 .text          0x0000000000000000        0x0 ./Peripheral/src/ch32v00x_spi.o
 .data          0x0000000000000000        0x0 ./Peripheral/src/ch32v00x_spi.o
 .bss           0x0000000000000000        0x0 ./Peripheral/src/ch32v00x_spi.o
 .text.SPI_I2S_DeInit
                0x0000000000000000       0x32 ./Peripheral/src/ch32v00x_spi.o
 .text.SPI_Init
                0x0000000000000000       0x4a ./Peripheral/src/ch32v00x_spi.o
 .text.SPI_StructInit
                0x0000000000000000       0x24 ./Peripheral/src/ch32v00x_spi.o
 .text.SPI_Cmd  0x0000000000000000       0x1e ./Peripheral/src/ch32v00x_spi.o
 .text.SPI_I2S_ITConfig
                0x0000000000000000       0x22 ./Peripheral/src/ch32v00x_spi.o
 .text.SPI_I2S_DMACmd
                0x0000000000000000       0x16 ./Peripheral/src/ch32v00x_spi.o
 .text.SPI_I2S_SendData
                0x0000000000000000        0x6 ./Peripheral/src/ch32v00x_spi.o
 .text.SPI_I2S_ReceiveData
                0x0000000000000000        0x6 ./Peripheral/src/ch32v00x_spi.o
 .text.SPI_NSSInternalSoftwareConfig
                0x0000000000000000       0x2a ./Peripheral/src/ch32v00x_spi.o
 .text.SPI_SSOutputCmd
                0x0000000000000000       0x1c ./Peripheral/src/ch32v00x_spi.o
 .text.SPI_DataSizeConfig
                0x0000000000000000       0x1c ./Peripheral/src/ch32v00x_spi.o
 .text.SPI_TransmitCRC
                0x0000000000000000        0xe ./Peripheral/src/ch32v00x_spi.o
 .text.SPI_CalculateCRC
                0x0000000000000000       0x1c ./Peripheral/src/ch32v00x_spi.o
 .text.SPI_GetCRC
                0x0000000000000000       0x16 ./Peripheral/src/ch32v00x_spi.o
 .text.SPI_GetCRCPolynomial
                0x0000000000000000        0x6 ./Peripheral/src/ch32v00x_spi.o
 .text.SPI_BiDirectionalLineConfig
                0x0000000000000000       0x20 ./Peripheral/src/ch32v00x_spi.o
 .text.SPI_I2S_GetFlagStatus
                0x0000000000000000        0xc ./Peripheral/src/ch32v00x_spi.o
 .text.SPI_I2S_ClearFlag
                0x0000000000000000        0xe ./Peripheral/src/ch32v00x_spi.o
 .text.SPI_I2S_GetITStatus
                0x0000000000000000       0x2c ./Peripheral/src/ch32v00x_spi.o
 .text.SPI_I2S_ClearITPendingBit
                0x0000000000000000       0x16 ./Peripheral/src/ch32v00x_spi.o
 .debug_info    0x0000000000000000     0x1067 ./Peripheral/src/ch32v00x_spi.o
 .debug_abbrev  0x0000000000000000      0x303 ./Peripheral/src/ch32v00x_spi.o
 .debug_loc     0x0000000000000000      0x429 ./Peripheral/src/ch32v00x_spi.o
 .debug_aranges
                0x0000000000000000       0xb8 ./Peripheral/src/ch32v00x_spi.o
 .debug_ranges  0x0000000000000000       0xa8 ./Peripheral/src/ch32v00x_spi.o
 .debug_line    0x0000000000000000      0x9d5 ./Peripheral/src/ch32v00x_spi.o
 .debug_str     0x0000000000000000      0x938 ./Peripheral/src/ch32v00x_spi.o
 .comment       0x0000000000000000       0x34 ./Peripheral/src/ch32v00x_spi.o
 .debug_frame   0x0000000000000000      0x15c ./Peripheral/src/ch32v00x_spi.o
 .text          0x0000000000000000        0x0 ./Peripheral/src/ch32v00x_tim.o
 .data          0x0000000000000000        0x0 ./Peripheral/src/ch32v00x_tim.o
 .bss           0x0000000000000000        0x0 ./Peripheral/src/ch32v00x_tim.o
 .text.TI1_Config
                0x0000000000000000       0x66 ./Peripheral/src/ch32v00x_tim.o
 .text.TI2_Config
                0x0000000000000000       0x7a ./Peripheral/src/ch32v00x_tim.o
 .text.TIM_DeInit
                0x0000000000000000       0x5c ./Peripheral/src/ch32v00x_tim.o
 .text.TIM_OC1Init
                0x0000000000000000       0x86 ./Peripheral/src/ch32v00x_tim.o
 .text.TIM_OC2Init
                0x0000000000000000       0xb2 ./Peripheral/src/ch32v00x_tim.o
 .text.TIM_OC3Init
                0x0000000000000000       0xb0 ./Peripheral/src/ch32v00x_tim.o
 .text.TIM_OC4Init
                0x0000000000000000       0x84 ./Peripheral/src/ch32v00x_tim.o
 .text.TIM_BDTRConfig
                0x0000000000000000       0x2e ./Peripheral/src/ch32v00x_tim.o
 .text.TIM_TimeBaseStructInit
                0x0000000000000000       0x18 ./Peripheral/src/ch32v00x_tim.o
 .text.TIM_OCStructInit
                0x0000000000000000       0x22 ./Peripheral/src/ch32v00x_tim.o
 .text.TIM_ICStructInit
                0x0000000000000000       0x18 ./Peripheral/src/ch32v00x_tim.o
 .text.TIM_BDTRStructInit
                0x0000000000000000       0x1e ./Peripheral/src/ch32v00x_tim.o
 .text.TIM_CtrlPWMOutputs
                0x0000000000000000       0x16 ./Peripheral/src/ch32v00x_tim.o
 .text.TIM_GenerateEvent
                0x0000000000000000        0x6 ./Peripheral/src/ch32v00x_tim.o
 .text.TIM_DMAConfig
                0x0000000000000000        0x8 ./Peripheral/src/ch32v00x_tim.o
 .text.TIM_DMACmd
                0x0000000000000000       0x18 ./Peripheral/src/ch32v00x_tim.o
 .text.TIM_InternalClockConfig
                0x0000000000000000       0x14 ./Peripheral/src/ch32v00x_tim.o
 .text.TIM_ITRxExternalClockConfig
                0x0000000000000000       0x20 ./Peripheral/src/ch32v00x_tim.o
 .text.TIM_TIxExternalClockConfig
                0x0000000000000000       0x50 ./Peripheral/src/ch32v00x_tim.o
 .text.TIM_ETRConfig
                0x0000000000000000       0x1a ./Peripheral/src/ch32v00x_tim.o
 .text.TIM_ETRClockMode1Config
                0x0000000000000000       0x2e ./Peripheral/src/ch32v00x_tim.o
 .text.TIM_ETRClockMode2Config
                0x0000000000000000       0x26 ./Peripheral/src/ch32v00x_tim.o
 .text.TIM_PrescalerConfig
                0x0000000000000000        0xa ./Peripheral/src/ch32v00x_tim.o
 .text.TIM_CounterModeConfig
                0x0000000000000000       0x14 ./Peripheral/src/ch32v00x_tim.o
 .text.TIM_SelectInputTrigger
                0x0000000000000000       0x14 ./Peripheral/src/ch32v00x_tim.o
 .text.TIM_EncoderInterfaceConfig
                0x0000000000000000       0x46 ./Peripheral/src/ch32v00x_tim.o
 .text.TIM_ForcedOC1Config
                0x0000000000000000       0x14 ./Peripheral/src/ch32v00x_tim.o
 .text.TIM_ForcedOC2Config
                0x0000000000000000       0x18 ./Peripheral/src/ch32v00x_tim.o
 .text.TIM_ForcedOC3Config
                0x0000000000000000       0x14 ./Peripheral/src/ch32v00x_tim.o
 .text.TIM_ForcedOC4Config
                0x0000000000000000       0x18 ./Peripheral/src/ch32v00x_tim.o
 .text.TIM_ARRPreloadConfig
                0x0000000000000000       0x1e ./Peripheral/src/ch32v00x_tim.o
 .text.TIM_SelectCOM
                0x0000000000000000       0x1c ./Peripheral/src/ch32v00x_tim.o
 .text.TIM_SelectCCDMA
                0x0000000000000000       0x1c ./Peripheral/src/ch32v00x_tim.o
 .text.TIM_CCPreloadControl
                0x0000000000000000       0x1c ./Peripheral/src/ch32v00x_tim.o
 .text.TIM_OC1PreloadConfig
                0x0000000000000000       0x12 ./Peripheral/src/ch32v00x_tim.o
 .text.TIM_OC2PreloadConfig
                0x0000000000000000       0x1a ./Peripheral/src/ch32v00x_tim.o
 .text.TIM_OC3PreloadConfig
                0x0000000000000000       0x12 ./Peripheral/src/ch32v00x_tim.o
 .text.TIM_OC4PreloadConfig
                0x0000000000000000       0x1a ./Peripheral/src/ch32v00x_tim.o
 .text.TIM_OC1FastConfig
                0x0000000000000000       0x12 ./Peripheral/src/ch32v00x_tim.o
 .text.TIM_OC2FastConfig
                0x0000000000000000       0x1a ./Peripheral/src/ch32v00x_tim.o
 .text.TIM_OC3FastConfig
                0x0000000000000000       0x12 ./Peripheral/src/ch32v00x_tim.o
 .text.TIM_OC4FastConfig
                0x0000000000000000       0x1a ./Peripheral/src/ch32v00x_tim.o
 .text.TIM_ClearOC1Ref
                0x0000000000000000       0x14 ./Peripheral/src/ch32v00x_tim.o
 .text.TIM_ClearOC2Ref
                0x0000000000000000       0x16 ./Peripheral/src/ch32v00x_tim.o
 .text.TIM_ClearOC3Ref
                0x0000000000000000       0x14 ./Peripheral/src/ch32v00x_tim.o
 .text.TIM_ClearOC4Ref
                0x0000000000000000       0x16 ./Peripheral/src/ch32v00x_tim.o
 .text.TIM_OC1PolarityConfig
                0x0000000000000000       0x12 ./Peripheral/src/ch32v00x_tim.o
 .text.TIM_OC1NPolarityConfig
                0x0000000000000000       0x12 ./Peripheral/src/ch32v00x_tim.o
 .text.TIM_OC2PolarityConfig
                0x0000000000000000       0x1a ./Peripheral/src/ch32v00x_tim.o
 .text.TIM_OC2NPolarityConfig
                0x0000000000000000       0x1a ./Peripheral/src/ch32v00x_tim.o
 .text.TIM_OC3PolarityConfig
                0x0000000000000000       0x1a ./Peripheral/src/ch32v00x_tim.o
 .text.TIM_OC3NPolarityConfig
                0x0000000000000000       0x1a ./Peripheral/src/ch32v00x_tim.o
 .text.TIM_OC4PolarityConfig
                0x0000000000000000       0x18 ./Peripheral/src/ch32v00x_tim.o
 .text.TIM_CCxCmd
                0x0000000000000000       0x28 ./Peripheral/src/ch32v00x_tim.o
 .text.TIM_CCxNCmd
                0x0000000000000000       0x28 ./Peripheral/src/ch32v00x_tim.o
 .text.TIM_SelectOCxM
                0x0000000000000000       0x50 ./Peripheral/src/ch32v00x_tim.o
 .text.TIM_UpdateDisableConfig
                0x0000000000000000       0x1c ./Peripheral/src/ch32v00x_tim.o
 .text.TIM_UpdateRequestConfig
                0x0000000000000000       0x1c ./Peripheral/src/ch32v00x_tim.o
 .text.TIM_SelectHallSensor
                0x0000000000000000       0x1e ./Peripheral/src/ch32v00x_tim.o
 .text.TIM_SelectOnePulseMode
                0x0000000000000000       0x1e ./Peripheral/src/ch32v00x_tim.o
 .text.TIM_SelectOutputTrigger
                0x0000000000000000       0x20 ./Peripheral/src/ch32v00x_tim.o
 .text.TIM_SelectSlaveMode
                0x0000000000000000       0x1e ./Peripheral/src/ch32v00x_tim.o
 .text.TIM_SelectMasterSlaveMode
                0x0000000000000000       0x20 ./Peripheral/src/ch32v00x_tim.o
 .text.TIM_SetCounter
                0x0000000000000000        0x6 ./Peripheral/src/ch32v00x_tim.o
 .text.TIM_SetAutoreload
                0x0000000000000000        0x6 ./Peripheral/src/ch32v00x_tim.o
 .text.TIM_SetCompare1
                0x0000000000000000        0x4 ./Peripheral/src/ch32v00x_tim.o
 .text.TIM_SetCompare2
                0x0000000000000000        0x4 ./Peripheral/src/ch32v00x_tim.o
 .text.TIM_SetCompare3
                0x0000000000000000        0x4 ./Peripheral/src/ch32v00x_tim.o
 .text.TIM_SetCompare4
                0x0000000000000000        0x4 ./Peripheral/src/ch32v00x_tim.o
 .text.TIM_SetIC1Prescaler
                0x0000000000000000       0x1e ./Peripheral/src/ch32v00x_tim.o
 .text.TIM_SetIC2Prescaler
                0x0000000000000000       0x22 ./Peripheral/src/ch32v00x_tim.o
 .text.TIM_PWMIConfig
                0x0000000000000000       0xb8 ./Peripheral/src/ch32v00x_tim.o
 .text.TIM_SetIC3Prescaler
                0x0000000000000000       0x1e ./Peripheral/src/ch32v00x_tim.o
 .text.TIM_SetIC4Prescaler
                0x0000000000000000       0x22 ./Peripheral/src/ch32v00x_tim.o
 .text.TIM_ICInit
                0x0000000000000000      0x176 ./Peripheral/src/ch32v00x_tim.o
 .text.TIM_SetClockDivision
                0x0000000000000000       0x20 ./Peripheral/src/ch32v00x_tim.o
 .text.TIM_GetCapture1
                0x0000000000000000        0x8 ./Peripheral/src/ch32v00x_tim.o
 .text.TIM_GetCapture2
                0x0000000000000000        0x8 ./Peripheral/src/ch32v00x_tim.o
 .text.TIM_GetCapture3
                0x0000000000000000        0x8 ./Peripheral/src/ch32v00x_tim.o
 .text.TIM_GetCapture4
                0x0000000000000000        0x8 ./Peripheral/src/ch32v00x_tim.o
 .text.TIM_GetCounter
                0x0000000000000000        0x6 ./Peripheral/src/ch32v00x_tim.o
 .text.TIM_GetPrescaler
                0x0000000000000000        0x6 ./Peripheral/src/ch32v00x_tim.o
 .text.TIM_GetFlagStatus
                0x0000000000000000        0xc ./Peripheral/src/ch32v00x_tim.o
 .text.TIM_ClearFlag
                0x0000000000000000        0xe ./Peripheral/src/ch32v00x_tim.o
 .text.TIM_IndicateCaptureLevelCmd
                0x0000000000000000       0x16 ./Peripheral/src/ch32v00x_tim.o
 .text          0x0000000000000000        0x0 ./Peripheral/src/ch32v00x_usart.o
 .data          0x0000000000000000        0x0 ./Peripheral/src/ch32v00x_usart.o
 .bss           0x0000000000000000        0x0 ./Peripheral/src/ch32v00x_usart.o
 .text.USART_DeInit
                0x0000000000000000       0x36 ./Peripheral/src/ch32v00x_usart.o
 .text.USART_StructInit
                0x0000000000000000       0x18 ./Peripheral/src/ch32v00x_usart.o
 .text.USART_ClockInit
                0x0000000000000000       0x2a ./Peripheral/src/ch32v00x_usart.o
 .text.USART_ClockStructInit
                0x0000000000000000       0x12 ./Peripheral/src/ch32v00x_usart.o
 .text.USART_DMACmd
                0x0000000000000000       0x16 ./Peripheral/src/ch32v00x_usart.o
 .text.USART_SetAddress
                0x0000000000000000       0x1e ./Peripheral/src/ch32v00x_usart.o
 .text.USART_WakeUpConfig
                0x0000000000000000       0x1c ./Peripheral/src/ch32v00x_usart.o
 .text.USART_ReceiverWakeUpCmd
                0x0000000000000000       0x1c ./Peripheral/src/ch32v00x_usart.o
 .text.USART_LINBreakDetectLengthConfig
                0x0000000000000000       0x20 ./Peripheral/src/ch32v00x_usart.o
 .text.USART_LINCmd
                0x0000000000000000       0x1c ./Peripheral/src/ch32v00x_usart.o
 .text.USART_SendBreak
                0x0000000000000000        0xe ./Peripheral/src/ch32v00x_usart.o
 .text.USART_SetGuardTime
                0x0000000000000000       0x1a ./Peripheral/src/ch32v00x_usart.o
 .text.USART_SetPrescaler
                0x0000000000000000       0x20 ./Peripheral/src/ch32v00x_usart.o
 .text.USART_SmartCardCmd
                0x0000000000000000       0x1e ./Peripheral/src/ch32v00x_usart.o
 .text.USART_SmartCardNACKCmd
                0x0000000000000000       0x1c ./Peripheral/src/ch32v00x_usart.o
 .text.USART_HalfDuplexCmd
                0x0000000000000000       0x1c ./Peripheral/src/ch32v00x_usart.o
 .text.USART_OverSampling8Cmd
                0x0000000000000000       0x16 ./Peripheral/src/ch32v00x_usart.o
 .text.USART_OneBitMethodCmd
                0x0000000000000000       0x22 ./Peripheral/src/ch32v00x_usart.o
 .text.USART_IrDAConfig
                0x0000000000000000       0x1e ./Peripheral/src/ch32v00x_usart.o
 .text.USART_IrDACmd
                0x0000000000000000       0x1c ./Peripheral/src/ch32v00x_usart.o
 .text.USART_GetFlagStatus
                0x0000000000000000        0xc ./Peripheral/src/ch32v00x_usart.o
 .text.USART_ClearFlag
                0x0000000000000000        0xe ./Peripheral/src/ch32v00x_usart.o
 .text.USART_ClearITPendingBit
                0x0000000000000000       0x16 ./Peripheral/src/ch32v00x_usart.o
 .text          0x0000000000000000        0x0 ./Peripheral/src/ch32v00x_wwdg.o
 .data          0x0000000000000000        0x0 ./Peripheral/src/ch32v00x_wwdg.o
 .bss           0x0000000000000000        0x0 ./Peripheral/src/ch32v00x_wwdg.o
 .text.WWDG_DeInit
                0x0000000000000000       0x2e ./Peripheral/src/ch32v00x_wwdg.o
 .text.WWDG_SetPrescaler
                0x0000000000000000       0x14 ./Peripheral/src/ch32v00x_wwdg.o
 .text.WWDG_SetWindowValue
                0x0000000000000000       0x26 ./Peripheral/src/ch32v00x_wwdg.o
 .text.WWDG_EnableIT
                0x0000000000000000       0x12 ./Peripheral/src/ch32v00x_wwdg.o
 .text.WWDG_SetCounter
                0x0000000000000000        0xe ./Peripheral/src/ch32v00x_wwdg.o
 .text.WWDG_Enable
                0x0000000000000000        0xe ./Peripheral/src/ch32v00x_wwdg.o
 .text.WWDG_GetFlagStatus
                0x0000000000000000        0xa ./Peripheral/src/ch32v00x_wwdg.o
 .text.WWDG_ClearFlag
                0x0000000000000000        0xa ./Peripheral/src/ch32v00x_wwdg.o
 .debug_info    0x0000000000000000      0xb27 ./Peripheral/src/ch32v00x_wwdg.o
 .debug_abbrev  0x0000000000000000      0x29d ./Peripheral/src/ch32v00x_wwdg.o
 .debug_loc     0x0000000000000000       0xae ./Peripheral/src/ch32v00x_wwdg.o
 .debug_aranges
                0x0000000000000000       0x58 ./Peripheral/src/ch32v00x_wwdg.o
 .debug_ranges  0x0000000000000000       0x48 ./Peripheral/src/ch32v00x_wwdg.o
 .debug_line    0x0000000000000000      0x497 ./Peripheral/src/ch32v00x_wwdg.o
 .debug_str     0x0000000000000000      0x6b1 ./Peripheral/src/ch32v00x_wwdg.o
 .comment       0x0000000000000000       0x34 ./Peripheral/src/ch32v00x_wwdg.o
 .debug_frame   0x0000000000000000       0xa4 ./Peripheral/src/ch32v00x_wwdg.o
 .text          0x0000000000000000        0x0 ./Debug/debug.o
 .data          0x0000000000000000        0x0 ./Debug/debug.o
 .bss           0x0000000000000000        0x0 ./Debug/debug.o
 .text.Delay_Us
                0x0000000000000000       0x4a ./Debug/debug.o
 .text.USART_Printf_Init
                0x0000000000000000       0x76 ./Debug/debug.o
 .text.SDI_Printf_Enable
                0x0000000000000000       0x2a ./Debug/debug.o
 .text._write   0x0000000000000000       0x60 ./Debug/debug.o
 .text._sbrk    0x0000000000000000       0x2e ./Debug/debug.o
 .data.curbrk.4087
                0x0000000000000000        0x4 ./Debug/debug.o
 .text          0x0000000000000000        0x0 ./Core/core_riscv.o
 .data          0x0000000000000000        0x0 ./Core/core_riscv.o
 .bss           0x0000000000000000        0x0 ./Core/core_riscv.o
 .text.__get_MSTATUS
                0x0000000000000000        0x6 ./Core/core_riscv.o
 .text.__set_MSTATUS
                0x0000000000000000        0x6 ./Core/core_riscv.o
 .text.__get_MISA
                0x0000000000000000        0x6 ./Core/core_riscv.o
 .text.__set_MISA
                0x0000000000000000        0x6 ./Core/core_riscv.o
 .text.__get_MTVEC
                0x0000000000000000        0x6 ./Core/core_riscv.o
 .text.__set_MTVEC
                0x0000000000000000        0x6 ./Core/core_riscv.o
 .text.__get_MSCRATCH
                0x0000000000000000        0x6 ./Core/core_riscv.o
 .text.__set_MSCRATCH
                0x0000000000000000        0x6 ./Core/core_riscv.o
 .text.__get_MEPC
                0x0000000000000000        0x6 ./Core/core_riscv.o
 .text.__set_MEPC
                0x0000000000000000        0x6 ./Core/core_riscv.o
 .text.__get_MCAUSE
                0x0000000000000000        0x6 ./Core/core_riscv.o
 .text.__set_MCAUSE
                0x0000000000000000        0x6 ./Core/core_riscv.o
 .text.__get_MVENDORID
                0x0000000000000000        0x6 ./Core/core_riscv.o
 .text.__get_MARCHID
                0x0000000000000000        0x6 ./Core/core_riscv.o
 .text.__get_MIMPID
                0x0000000000000000        0x6 ./Core/core_riscv.o
 .text.__get_MHARTID
                0x0000000000000000        0x6 ./Core/core_riscv.o
 .text.__get_SP
                0x0000000000000000        0x4 ./Core/core_riscv.o
 .debug_info    0x0000000000000000      0x324 ./Core/core_riscv.o
 .debug_abbrev  0x0000000000000000       0xe0 ./Core/core_riscv.o
 .debug_aranges
                0x0000000000000000       0xa0 ./Core/core_riscv.o
 .debug_ranges  0x0000000000000000       0x90 ./Core/core_riscv.o
 .debug_line    0x0000000000000000      0x3ec ./Core/core_riscv.o
 .debug_str     0x0000000000000000      0x283 ./Core/core_riscv.o
 .comment       0x0000000000000000       0x34 ./Core/core_riscv.o
 .debug_frame   0x0000000000000000      0x120 ./Core/core_riscv.o
 .data          0x0000000000000000        0x0 c:/mounriver/mrs_community/toolchain/risc-v embedded gcc/bin/../lib/gcc/riscv-none-embed/8.2.0/rv32ec/ilp32e\libgcc.a(save-restore.o)
 .bss           0x0000000000000000        0x0 c:/mounriver/mrs_community/toolchain/risc-v embedded gcc/bin/../lib/gcc/riscv-none-embed/8.2.0/rv32ec/ilp32e\libgcc.a(save-restore.o)
 .eh_frame      0x0000000000000000       0x68 c:/mounriver/mrs_community/toolchain/risc-v embedded gcc/bin/../lib/gcc/riscv-none-embed/8.2.0/rv32ec/ilp32e\libgcc.a(save-restore.o)
 .data          0x0000000000000000        0x0 c:/mounriver/mrs_community/toolchain/risc-v embedded gcc/bin/../lib/gcc/riscv-none-embed/8.2.0/rv32ec/ilp32e\libgcc.a(muldi3.o)
 .bss           0x0000000000000000        0x0 c:/mounriver/mrs_community/toolchain/risc-v embedded gcc/bin/../lib/gcc/riscv-none-embed/8.2.0/rv32ec/ilp32e\libgcc.a(muldi3.o)
 .data          0x0000000000000000        0x0 c:/mounriver/mrs_community/toolchain/risc-v embedded gcc/bin/../lib/gcc/riscv-none-embed/8.2.0/rv32ec/ilp32e\libgcc.a(div.o)
 .bss           0x0000000000000000        0x0 c:/mounriver/mrs_community/toolchain/risc-v embedded gcc/bin/../lib/gcc/riscv-none-embed/8.2.0/rv32ec/ilp32e\libgcc.a(div.o)
 .data          0x0000000000000000        0x0 c:/mounriver/mrs_community/toolchain/risc-v embedded gcc/bin/../lib/gcc/riscv-none-embed/8.2.0/../../../../riscv-none-embed/lib/rv32ec/ilp32e\libg_nano.a(lib_a-memset.o)
 .bss           0x0000000000000000        0x0 c:/mounriver/mrs_community/toolchain/risc-v embedded gcc/bin/../lib/gcc/riscv-none-embed/8.2.0/../../../../riscv-none-embed/lib/rv32ec/ilp32e\libg_nano.a(lib_a-memset.o)

Memory Configuration

Name             Origin             Length             Attributes
FLASH            0x0000000000000000 0x0000000000004000 xr
RAM              0x0000000020000000 0x0000000000000800 xrw
*default*        0x0000000000000000 0xffffffffffffffff

Linker script and memory map

LOAD ./User/DAC_MCP4725.o
LOAD ./User/buffer_fifo.o
LOAD ./User/ch32v00x_it.o
LOAD ./User/main.o
LOAD ./User/system_ch32v00x.o
LOAD ./User/table_sin.o
LOAD ./User/usart_com.o
LOAD ./Startup/startup_ch32v00x.o
LOAD ./Peripheral/src/ch32v00x_adc.o
LOAD ./Peripheral/src/ch32v00x_dbgmcu.o
LOAD ./Peripheral/src/ch32v00x_dma.o
LOAD ./Peripheral/src/ch32v00x_exti.o
LOAD ./Peripheral/src/ch32v00x_flash.o
LOAD ./Peripheral/src/ch32v00x_gpio.o
LOAD ./Peripheral/src/ch32v00x_i2c.o
LOAD ./Peripheral/src/ch32v00x_iwdg.o
LOAD ./Peripheral/src/ch32v00x_misc.o
LOAD ./Peripheral/src/ch32v00x_opa.o
LOAD ./Peripheral/src/ch32v00x_pwr.o
LOAD ./Peripheral/src/ch32v00x_rcc.o
LOAD ./Peripheral/src/ch32v00x_spi.o
LOAD ./Peripheral/src/ch32v00x_tim.o
LOAD ./Peripheral/src/ch32v00x_usart.o
LOAD ./Peripheral/src/ch32v00x_wwdg.o
LOAD ./Debug/debug.o
LOAD ./Core/core_riscv.o
LOAD c:/mounriver/mrs_community/toolchain/risc-v embedded gcc/bin/../lib/gcc/riscv-none-embed/8.2.0/rv32ec/ilp32e\libgcc.a
LOAD c:/mounriver/mrs_community/toolchain/risc-v embedded gcc/bin/../lib/gcc/riscv-none-embed/8.2.0/../../../../riscv-none-embed/lib/rv32ec/ilp32e\libg_nano.a
LOAD c:/mounriver/mrs_community/toolchain/risc-v embedded gcc/bin/../lib/gcc/riscv-none-embed/8.2.0/../../../../riscv-none-embed/lib/rv32ec/ilp32e\libc_nano.a
LOAD c:/mounriver/mrs_community/toolchain/risc-v embedded gcc/bin/../lib/gcc/riscv-none-embed/8.2.0/rv32ec/ilp32e\libgcc.a
START GROUP
LOAD c:/mounriver/mrs_community/toolchain/risc-v embedded gcc/bin/../lib/gcc/riscv-none-embed/8.2.0/rv32ec/ilp32e\libgcc.a
LOAD c:/mounriver/mrs_community/toolchain/risc-v embedded gcc/bin/../lib/gcc/riscv-none-embed/8.2.0/../../../../riscv-none-embed/lib/rv32ec/ilp32e\libc_nano.a
LOAD c:/mounriver/mrs_community/toolchain/risc-v embedded gcc/bin/../lib/gcc/riscv-none-embed/8.2.0/../../../../riscv-none-embed/lib/rv32ec/ilp32e\libnosys.a
END GROUP
START GROUP
LOAD c:/mounriver/mrs_community/toolchain/risc-v embedded gcc/bin/../lib/gcc/riscv-none-embed/8.2.0/rv32ec/ilp32e\libgcc.a
LOAD c:/mounriver/mrs_community/toolchain/risc-v embedded gcc/bin/../lib/gcc/riscv-none-embed/8.2.0/../../../../riscv-none-embed/lib/rv32ec/ilp32e\libc_nano.a
LOAD c:/mounriver/mrs_community/toolchain/risc-v embedded gcc/bin/../lib/gcc/riscv-none-embed/8.2.0/../../../../riscv-none-embed/lib/rv32ec/ilp32e\libnosys.a
END GROUP
                0x0000000000000100                __stack_size = 0x100
                [!provide]                        PROVIDE (_stack_size = __stack_size)

.init           0x0000000000000000       0xa0
                0x0000000000000000                _sinit = .
                0x0000000000000000                . = ALIGN (0x4)
 *(SORT_NONE(.init))
 .init          0x0000000000000000       0x9e ./Startup/startup_ch32v00x.o
                0x0000000000000000                _start
                0x00000000000000a0                . = ALIGN (0x4)
 *fill*         0x000000000000009e        0x2 
                0x00000000000000a0                _einit = .

.text           0x00000000000000a0     0x18dc
                0x00000000000000a0                . = ALIGN (0x4)
 *(.text)
 .text          0x00000000000000a0       0x14 c:/mounriver/mrs_community/toolchain/risc-v embedded gcc/bin/../lib/gcc/riscv-none-embed/8.2.0/rv32ec/ilp32e\libgcc.a(save-restore.o)
                0x00000000000000a0                __riscv_save_1
                0x00000000000000a0                __riscv_save_2
                0x00000000000000a0                __riscv_save_0
                0x00000000000000aa                __riscv_restore_0
                0x00000000000000aa                __riscv_restore_1
                0x00000000000000aa                __riscv_restore_2
 .text          0x00000000000000b4       0x16 c:/mounriver/mrs_community/toolchain/risc-v embedded gcc/bin/../lib/gcc/riscv-none-embed/8.2.0/rv32ec/ilp32e\libgcc.a(muldi3.o)
                0x00000000000000b4                __mulsi3
 *fill*         0x00000000000000ca        0x2 
 .text          0x00000000000000cc       0x7e c:/mounriver/mrs_community/toolchain/risc-v embedded gcc/bin/../lib/gcc/riscv-none-embed/8.2.0/rv32ec/ilp32e\libgcc.a(div.o)
                0x00000000000000cc                __divsi3
                0x00000000000000d4                __udivsi3
                0x0000000000000100                __umodsi3
                0x0000000000000124                __modsi3
 .text          0x000000000000014a       0xa8 c:/mounriver/mrs_community/toolchain/risc-v embedded gcc/bin/../lib/gcc/riscv-none-embed/8.2.0/../../../../riscv-none-embed/lib/rv32ec/ilp32e\libg_nano.a(lib_a-memset.o)
                0x000000000000014a                memset
 *(.text.*)
 .text.MCP_Init
                0x00000000000001f2       0xa4 ./User/DAC_MCP4725.o
                0x00000000000001f2                MCP_Init
 .text.MCP_fast_start
                0x0000000000000296       0x76 ./User/DAC_MCP4725.o
                0x0000000000000296                MCP_fast_start
 .text.MCP_fast_stop
                0x000000000000030c       0x14 ./User/DAC_MCP4725.o
                0x000000000000030c                MCP_fast_stop
 .text.MCP_fast_sample
                0x0000000000000320       0x5a ./User/DAC_MCP4725.o
                0x0000000000000320                MCP_fast_sample
 .text.Init_FIFO
                0x000000000000037a       0x2e ./User/buffer_fifo.o
                0x000000000000037a                Init_FIFO
 .text.n_sample_in_FIFO
                0x00000000000003a8        0xc ./User/buffer_fifo.o
                0x00000000000003a8                n_sample_in_FIFO
 .text.n_sample_out_FIFO
                0x00000000000003b4       0x12 ./User/buffer_fifo.o
                0x00000000000003b4                n_sample_out_FIFO
 .text.put_sample_FIFO
                0x00000000000003c6       0x46 ./User/buffer_fifo.o
                0x00000000000003c6                put_sample_FIFO
 .text.get_sample_FIFO
                0x000000000000040c       0x42 ./User/buffer_fifo.o
                0x000000000000040c                get_sample_FIFO
 .text.NMI_Handler
                0x000000000000044e        0x4 ./User/ch32v00x_it.o
                0x000000000000044e                NMI_Handler
 .text.HardFault_Handler
                0x0000000000000452        0x2 ./User/ch32v00x_it.o
                0x0000000000000452                HardFault_Handler
 .text.ADC_Function_Init
                0x0000000000000454       0xca ./User/main.o
                0x0000000000000454                ADC_Function_Init
 .text.TIM2_INT_Init
                0x000000000000051e       0x5e ./User/main.o
                0x000000000000051e                TIM2_INT_Init
 .text.TIM2_IRQHandler
                0x000000000000057c      0x132 ./User/main.o
                0x000000000000057c                TIM2_IRQHandler
 .text.gpio_init
                0x00000000000006ae       0x32 ./User/main.o
                0x00000000000006ae                gpio_init
 .text.processa_cmd
                0x00000000000006e0       0xde ./User/main.o
                0x00000000000006e0                processa_cmd
 .text.startup.main
                0x00000000000007be      0x17c ./User/main.o
                0x00000000000007be                main
 .text.SystemInit
                0x000000000000093a      0x184 ./User/system_ch32v00x.o
                0x000000000000093a                SystemInit
 .text.SystemCoreClockUpdate
                0x0000000000000abe       0x6e ./User/system_ch32v00x.o
                0x0000000000000abe                SystemCoreClockUpdate
 .text.tsin     0x0000000000000b2c       0x4a ./User/table_sin.o
                0x0000000000000b2c                tsin
 .text.USARTx_CFG
                0x0000000000000b76       0xd4 ./User/usart_com.o
                0x0000000000000b76                USARTx_CFG
 .text.USART_get
                0x0000000000000c4a       0x1c ./User/usart_com.o
                0x0000000000000c4a                USART_get
 .text.USART_available_rx
                0x0000000000000c66       0x10 ./User/usart_com.o
                0x0000000000000c66                USART_available_rx
 .text.USART_char
                0x0000000000000c76       0x3a ./User/usart_com.o
                0x0000000000000c76                USART_char
 .text.USART_str
                0x0000000000000cb0       0x16 ./User/usart_com.o
                0x0000000000000cb0                USART_str
 .text.USART_int
                0x0000000000000cc6       0x92 ./User/usart_com.o
                0x0000000000000cc6                USART_int
 .text.conv_strtoint
                0x0000000000000d58       0x44 ./User/usart_com.o
                0x0000000000000d58                conv_strtoint
 .text.USART1_IRQHandler
                0x0000000000000d9c       0xbc ./User/usart_com.o
                0x0000000000000d9c                USART1_IRQHandler
 .text.vector_handler
                0x0000000000000e58       0x36 ./Startup/startup_ch32v00x.o
                0x0000000000000e5c                SysTick_Handler
                0x0000000000000e5e                SW_Handler
                0x0000000000000e60                WWDG_IRQHandler
                0x0000000000000e62                PVD_IRQHandler
                0x0000000000000e64                FLASH_IRQHandler
                0x0000000000000e66                RCC_IRQHandler
                0x0000000000000e68                EXTI7_0_IRQHandler
                0x0000000000000e6a                AWU_IRQHandler
                0x0000000000000e6c                DMA1_Channel1_IRQHandler
                0x0000000000000e6e                DMA1_Channel2_IRQHandler
                0x0000000000000e70                DMA1_Channel3_IRQHandler
                0x0000000000000e72                DMA1_Channel4_IRQHandler
                0x0000000000000e74                DMA1_Channel5_IRQHandler
                0x0000000000000e76                DMA1_Channel6_IRQHandler
                0x0000000000000e78                DMA1_Channel7_IRQHandler
                0x0000000000000e7a                ADC1_IRQHandler
                0x0000000000000e7c                I2C1_EV_IRQHandler
                0x0000000000000e7e                I2C1_ER_IRQHandler
                0x0000000000000e82                SPI1_IRQHandler
                0x0000000000000e84                TIM1_BRK_IRQHandler
                0x0000000000000e86                TIM1_UP_IRQHandler
                0x0000000000000e88                TIM1_TRG_COM_IRQHandler
                0x0000000000000e8a                TIM1_CC_IRQHandler
 .text.handle_reset
                0x0000000000000e8e       0x84 ./Startup/startup_ch32v00x.o
                0x0000000000000e8e                handle_reset
 .text.ADC_DeInit
                0x0000000000000f12       0x26 ./Peripheral/src/ch32v00x_adc.o
                0x0000000000000f12                ADC_DeInit
 .text.ADC_Init
                0x0000000000000f38       0x50 ./Peripheral/src/ch32v00x_adc.o
                0x0000000000000f38                ADC_Init
 .text.ADC_Cmd  0x0000000000000f88       0x10 ./Peripheral/src/ch32v00x_adc.o
                0x0000000000000f88                ADC_Cmd
 .text.ADC_ResetCalibration
                0x0000000000000f98        0xa ./Peripheral/src/ch32v00x_adc.o
                0x0000000000000f98                ADC_ResetCalibration
 .text.ADC_GetResetCalibrationStatus
                0x0000000000000fa2        0x8 ./Peripheral/src/ch32v00x_adc.o
                0x0000000000000fa2                ADC_GetResetCalibrationStatus
 .text.ADC_StartCalibration
                0x0000000000000faa        0xa ./Peripheral/src/ch32v00x_adc.o
                0x0000000000000faa                ADC_StartCalibration
 .text.ADC_GetCalibrationStatus
                0x0000000000000fb4        0x8 ./Peripheral/src/ch32v00x_adc.o
                0x0000000000000fb4                ADC_GetCalibrationStatus
 .text.ADC_RegularChannelConfig
                0x0000000000000fbc       0xba ./Peripheral/src/ch32v00x_adc.o
                0x0000000000000fbc                ADC_RegularChannelConfig
 .text.ADC_AutoInjectedConvCmd
                0x0000000000001076       0x12 ./Peripheral/src/ch32v00x_adc.o
                0x0000000000001076                ADC_AutoInjectedConvCmd
 .text.ADC_Calibration_Vol
                0x0000000000001088       0x14 ./Peripheral/src/ch32v00x_adc.o
                0x0000000000001088                ADC_Calibration_Vol
 .text.GPIO_Init
                0x000000000000109c       0xd8 ./Peripheral/src/ch32v00x_gpio.o
                0x000000000000109c                GPIO_Init
 .text.GPIO_WriteBit
                0x0000000000001174        0xa ./Peripheral/src/ch32v00x_gpio.o
                0x0000000000001174                GPIO_WriteBit
 .text.I2C_Init
                0x000000000000117e      0x100 ./Peripheral/src/ch32v00x_i2c.o
                0x000000000000117e                I2C_Init
 .text.I2C_Cmd  0x000000000000127e       0x1c ./Peripheral/src/ch32v00x_i2c.o
                0x000000000000127e                I2C_Cmd
 .text.I2C_GenerateSTART
                0x000000000000129a       0x1e ./Peripheral/src/ch32v00x_i2c.o
                0x000000000000129a                I2C_GenerateSTART
 .text.I2C_GenerateSTOP
                0x00000000000012b8       0x1e ./Peripheral/src/ch32v00x_i2c.o
                0x00000000000012b8                I2C_GenerateSTOP
 .text.I2C_AcknowledgeConfig
                0x00000000000012d6       0x1e ./Peripheral/src/ch32v00x_i2c.o
                0x00000000000012d6                I2C_AcknowledgeConfig
 .text.I2C_SendData
                0x00000000000012f4        0x6 ./Peripheral/src/ch32v00x_i2c.o
                0x00000000000012f4                I2C_SendData
 .text.I2C_Send7bitAddress
                0x00000000000012fa       0x14 ./Peripheral/src/ch32v00x_i2c.o
                0x00000000000012fa                I2C_Send7bitAddress
 .text.I2C_CheckEvent
                0x000000000000130e       0x1a ./Peripheral/src/ch32v00x_i2c.o
                0x000000000000130e                I2C_CheckEvent
 .text.I2C_GetFlagStatus
                0x0000000000001328       0x32 ./Peripheral/src/ch32v00x_i2c.o
                0x0000000000001328                I2C_GetFlagStatus
 .text.NVIC_PriorityGroupConfig
                0x000000000000135a        0x6 ./Peripheral/src/ch32v00x_misc.o
                0x000000000000135a                NVIC_PriorityGroupConfig
 .text.NVIC_Init
                0x0000000000001360       0xb8 ./Peripheral/src/ch32v00x_misc.o
                0x0000000000001360                NVIC_Init
 .text.RCC_ADCCLKConfig
                0x0000000000001418       0x14 ./Peripheral/src/ch32v00x_rcc.o
                0x0000000000001418                RCC_ADCCLKConfig
 .text.RCC_GetClocksFreq
                0x000000000000142c       0xa0 ./Peripheral/src/ch32v00x_rcc.o
                0x000000000000142c                RCC_GetClocksFreq
 .text.RCC_APB2PeriphClockCmd
                0x00000000000014cc       0x1e ./Peripheral/src/ch32v00x_rcc.o
                0x00000000000014cc                RCC_APB2PeriphClockCmd
 .text.RCC_APB1PeriphClockCmd
                0x00000000000014ea       0x1e ./Peripheral/src/ch32v00x_rcc.o
                0x00000000000014ea                RCC_APB1PeriphClockCmd
 .text.RCC_APB2PeriphResetCmd
                0x0000000000001508       0x1e ./Peripheral/src/ch32v00x_rcc.o
                0x0000000000001508                RCC_APB2PeriphResetCmd
 .text.TIM_TimeBaseInit
                0x0000000000001526       0x64 ./Peripheral/src/ch32v00x_tim.o
                0x0000000000001526                TIM_TimeBaseInit
 .text.TIM_Cmd  0x000000000000158a       0x1c ./Peripheral/src/ch32v00x_tim.o
                0x000000000000158a                TIM_Cmd
 .text.TIM_ITConfig
                0x00000000000015a6       0x16 ./Peripheral/src/ch32v00x_tim.o
                0x00000000000015a6                TIM_ITConfig
 .text.TIM_GetITStatus
                0x00000000000015bc       0x1c ./Peripheral/src/ch32v00x_tim.o
                0x00000000000015bc                TIM_GetITStatus
 .text.TIM_ClearITPendingBit
                0x00000000000015d8        0xe ./Peripheral/src/ch32v00x_tim.o
                0x00000000000015d8                TIM_ClearITPendingBit
 .text.USART_Init
                0x00000000000015e6       0xe8 ./Peripheral/src/ch32v00x_usart.o
                0x00000000000015e6                USART_Init
 .text.USART_Cmd
                0x00000000000016ce       0x1c ./Peripheral/src/ch32v00x_usart.o
                0x00000000000016ce                USART_Cmd
 .text.USART_ITConfig
                0x00000000000016ea       0x36 ./Peripheral/src/ch32v00x_usart.o
                0x00000000000016ea                USART_ITConfig
 .text.USART_SendData
                0x0000000000001720        0xa ./Peripheral/src/ch32v00x_usart.o
                0x0000000000001720                USART_SendData
 .text.USART_ReceiveData
                0x000000000000172a        0xa ./Peripheral/src/ch32v00x_usart.o
                0x000000000000172a                USART_ReceiveData
 .text.USART_GetITStatus
                0x0000000000001734       0x44 ./Peripheral/src/ch32v00x_usart.o
                0x0000000000001734                USART_GetITStatus
 .text.Delay_Init
                0x0000000000001778       0x34 ./Debug/debug.o
                0x0000000000001778                Delay_Init
 .text.Delay_Ms
                0x00000000000017ac       0x3a ./Debug/debug.o
                0x00000000000017ac                Delay_Ms
 *(.rodata)
 *(.rodata*)
 *fill*         0x00000000000017e6        0x2 
 .rodata.main.str1.4
                0x00000000000017e8       0x12 ./User/main.o
 *fill*         0x00000000000017fa        0x2 
 .rodata.processa_cmd.str1.4
                0x00000000000017fc       0x18 ./User/main.o
                                         0x1b (size before relaxing)
 .rodata.t_sin  0x0000000000001814      0x168 ./User/table_sin.o
                0x0000000000001814                t_sin
 *(.gnu.linkonce.t.*)
                0x000000000000197c                . = ALIGN (0x4)

.rela.dyn       0x000000000000197c        0x0
 .rela.init     0x000000000000197c        0x0 ./User/DAC_MCP4725.o
 .rela.text.handle_reset
                0x000000000000197c        0x0 ./User/DAC_MCP4725.o

.fini           0x000000000000197c        0x0
 *(SORT_NONE(.fini))
                0x000000000000197c                . = ALIGN (0x4)
                [!provide]                        PROVIDE (_etext = .)
                [!provide]                        PROVIDE (_eitcm = .)

.preinit_array  0x000000000000197c        0x0
                [!provide]                        PROVIDE (__preinit_array_start = .)
 *(.preinit_array)
                [!provide]                        PROVIDE (__preinit_array_end = .)

.init_array     0x000000000000197c        0x0
                [!provide]                        PROVIDE (__init_array_start = .)
 *(SORT_BY_INIT_PRIORITY(.init_array.*) SORT_BY_INIT_PRIORITY(.ctors.*))
 *(.init_array EXCLUDE_FILE(*crtend?.o *crtend.o *crtbegin?.o *crtbegin.o) .ctors)
                [!provide]                        PROVIDE (__init_array_end = .)

.fini_array     0x000000000000197c        0x0
                [!provide]                        PROVIDE (__fini_array_start = .)
 *(SORT_BY_INIT_PRIORITY(.fini_array.*) SORT_BY_INIT_PRIORITY(.dtors.*))
 *(.fini_array EXCLUDE_FILE(*crtend?.o *crtend.o *crtbegin?.o *crtbegin.o) .dtors)
                [!provide]                        PROVIDE (__fini_array_end = .)

.ctors
 *crtbegin.o(.ctors)
 *crtbegin?.o(.ctors)
 *(EXCLUDE_FILE(*crtend?.o *crtend.o) .ctors)
 *(SORT_BY_NAME(.ctors.*))
 *(.ctors)

.dtors
 *crtbegin.o(.dtors)
 *crtbegin?.o(.dtors)
 *(EXCLUDE_FILE(*crtend?.o *crtend.o) .dtors)
 *(SORT_BY_NAME(.dtors.*))
 *(.dtors)

.dalign         0x0000000020000000        0x0 load address 0x000000000000197c
                0x0000000020000000                . = ALIGN (0x4)
                0x0000000020000000                PROVIDE (_data_vma = .)

.dlalign        0x000000000000197c        0x0
                0x000000000000197c                . = ALIGN (0x4)
                0x000000000000197c                PROVIDE (_data_lma = .)

.data           0x0000000020000000       0x40 load address 0x000000000000197c
                0x0000000020000000                . = ALIGN (0x4)
 *(.gnu.linkonce.r.*)
 *(.data .data.*)
 .data.flag_pin.4144
                0x0000000020000000        0x2 ./User/main.o
 .data.freq1    0x0000000020000002        0x2 ./User/main.o
                0x0000000020000002                freq1
 .data.AHBPrescTable
                0x0000000020000004       0x10 ./User/system_ch32v00x.o
                0x0000000020000004                AHBPrescTable
 .data.SystemCoreClock
                0x0000000020000014        0x4 ./User/system_ch32v00x.o
                0x0000000020000014                SystemCoreClock
 .data.ADCPrescTable
                0x0000000020000018       0x14 ./Peripheral/src/ch32v00x_rcc.o
 .data.APBAHBPrescTable
                0x000000002000002c       0x10 ./Peripheral/src/ch32v00x_rcc.o
 *(.gnu.linkonce.d.*)
                0x0000000020000040                . = ALIGN (0x8)
 *fill*         0x000000002000003c        0x4 
                0x0000000020000840                PROVIDE (__global_pointer$ = (. + 0x800))
 *(.sdata .sdata.*)
 *(.sdata2*)
 *(.gnu.linkonce.s.*)
                0x0000000020000040                . = ALIGN (0x8)
 *(.srodata.cst16)
 *(.srodata.cst8)
 *(.srodata.cst4)
 *(.srodata.cst2)
 *(.srodata .srodata.*)
                0x0000000020000040                . = ALIGN (0x4)
                0x0000000020000040                PROVIDE (_edata = .)

.bss            0x0000000020000040      0x124 load address 0x00000000000019bc
                0x0000000020000040                . = ALIGN (0x4)
                0x0000000020000040                PROVIDE (_sbss = .)
 *(.sbss*)
 *(.gnu.linkonce.sb.*)
 *(.bss*)
 .bss.a_dac     0x0000000020000040        0x2 ./User/main.o
                0x0000000020000040                a_dac
 *fill*         0x0000000020000042        0x2 
 .bss.ar_dac    0x0000000020000044       0x40 ./User/main.o
                0x0000000020000044                ar_dac
 .bss.bf_dac    0x0000000020000084       0x20 ./User/main.o
                0x0000000020000084                bf_dac
 .bss.buff_serial_idx
                0x00000000200000a4        0x1 ./User/main.o
                0x00000000200000a4                buff_serial_idx
 *fill*         0x00000000200000a5        0x3 
 .bss.buff_serial_in
                0x00000000200000a8       0x20 ./User/main.o
                0x00000000200000a8                buff_serial_in
 .bss.count_pin.4145
                0x00000000200000c8        0x2 ./User/main.o
 .bss.count_s   0x00000000200000ca        0x2 ./User/main.o
                0x00000000200000ca                count_s
 .bss.flag_cmd  0x00000000200000cc        0x2 ./User/main.o
                0x00000000200000cc                flag_cmd
 *fill*         0x00000000200000ce        0x2 
 .bss.p_sample  0x00000000200000d0        0x4 ./User/main.o
                0x00000000200000d0                p_sample
 .bss.s.4147    0x00000000200000d4        0x2 ./User/main.o
 .bss.sample    0x00000000200000d6        0x2 ./User/main.o
                0x00000000200000d6                sample
 .bss.state_dac
                0x00000000200000d8        0x2 ./User/main.o
                0x00000000200000d8                state_dac
 *fill*         0x00000000200000da        0x2 
 .bss.ar_serial_in
                0x00000000200000dc       0x20 ./User/usart_com.o
                0x00000000200000dc                ar_serial_in
 .bss.ar_serial_out
                0x00000000200000fc       0x20 ./User/usart_com.o
                0x00000000200000fc                ar_serial_out
 .bss.bf_serial_in
                0x000000002000011c       0x20 ./User/usart_com.o
                0x000000002000011c                bf_serial_in
 .bss.bf_serial_out
                0x000000002000013c       0x20 ./User/usart_com.o
                0x000000002000013c                bf_serial_out
 .bss.NVIC_Priority_Group
                0x000000002000015c        0x4 ./Peripheral/src/ch32v00x_misc.o
                0x000000002000015c                NVIC_Priority_Group
 .bss.p_ms      0x0000000020000160        0x2 ./Debug/debug.o
 .bss.p_us      0x0000000020000162        0x1 ./Debug/debug.o
 *(.gnu.linkonce.b.*)
 *(COMMON*)
                0x0000000020000164                . = ALIGN (0x4)
 *fill*         0x0000000020000163        0x1 
                0x0000000020000164                PROVIDE (_ebss = .)
                0x0000000020000164                PROVIDE (_end = _ebss)
                [!provide]                        PROVIDE (end = .)

.stack          0x0000000020000700      0x100
                0x0000000020000700                PROVIDE (_heap_end = .)
                0x0000000020000700                . = ALIGN (0x4)
                [!provide]                        PROVIDE (_susrstack = .)
                0x0000000020000800                . = (. + __stack_size)
 *fill*         0x0000000020000700      0x100 
                0x0000000020000800                PROVIDE (_eusrstack = .)
OUTPUT(gera_sinal_DAC_r1_CH32V003A4M6.elf elf32-littleriscv)

.debug_info     0x0000000000000000    0x10513
 .debug_info    0x0000000000000000     0x10f6 ./User/DAC_MCP4725.o
 .debug_info    0x00000000000010f6      0x204 ./User/buffer_fifo.o
 .debug_info    0x00000000000012fa      0x962 ./User/ch32v00x_it.o
 .debug_info    0x0000000000001c5c     0x1a7f ./User/main.o
 .debug_info    0x00000000000036db      0xc71 ./User/system_ch32v00x.o
 .debug_info    0x000000000000434c      0x9a7 ./User/table_sin.o
 .debug_info    0x0000000000004cf3     0x1443 ./User/usart_com.o
 .debug_info    0x0000000000006136       0x22 ./Startup/startup_ch32v00x.o
 .debug_info    0x0000000000006158     0x1526 ./Peripheral/src/ch32v00x_adc.o
 .debug_info    0x000000000000767e     0x103a ./Peripheral/src/ch32v00x_gpio.o
 .debug_info    0x00000000000086b8     0x1417 ./Peripheral/src/ch32v00x_i2c.o
 .debug_info    0x0000000000009acf      0xdda ./Peripheral/src/ch32v00x_misc.o
 .debug_info    0x000000000000a8a9     0x1063 ./Peripheral/src/ch32v00x_rcc.o
 .debug_info    0x000000000000b90c     0x297f ./Peripheral/src/ch32v00x_tim.o
 .debug_info    0x000000000000e28b     0x1351 ./Peripheral/src/ch32v00x_usart.o
 .debug_info    0x000000000000f5dc      0xf37 ./Debug/debug.o

.debug_abbrev   0x0000000000000000     0x2b63
 .debug_abbrev  0x0000000000000000      0x2d5 ./User/DAC_MCP4725.o
 .debug_abbrev  0x00000000000002d5      0x133 ./User/buffer_fifo.o
 .debug_abbrev  0x0000000000000408      0x1cf ./User/ch32v00x_it.o
 .debug_abbrev  0x00000000000005d7      0x376 ./User/main.o
 .debug_abbrev  0x000000000000094d      0x2af ./User/system_ch32v00x.o
 .debug_abbrev  0x0000000000000bfc      0x1f5 ./User/table_sin.o
 .debug_abbrev  0x0000000000000df1      0x307 ./User/usart_com.o
 .debug_abbrev  0x00000000000010f8       0x12 ./Startup/startup_ch32v00x.o
 .debug_abbrev  0x000000000000110a      0x307 ./Peripheral/src/ch32v00x_adc.o
 .debug_abbrev  0x0000000000001411      0x309 ./Peripheral/src/ch32v00x_gpio.o
 .debug_abbrev  0x000000000000171a      0x3a7 ./Peripheral/src/ch32v00x_i2c.o
 .debug_abbrev  0x0000000000001ac1      0x2fb ./Peripheral/src/ch32v00x_misc.o
 .debug_abbrev  0x0000000000001dbc      0x36d ./Peripheral/src/ch32v00x_rcc.o
 .debug_abbrev  0x0000000000002129      0x408 ./Peripheral/src/ch32v00x_tim.o
 .debug_abbrev  0x0000000000002531      0x323 ./Peripheral/src/ch32v00x_usart.o
 .debug_abbrev  0x0000000000002854      0x30f ./Debug/debug.o

.debug_loc      0x0000000000000000     0x4878
 .debug_loc     0x0000000000000000       0xd5 ./User/DAC_MCP4725.o
 .debug_loc     0x00000000000000d5      0x13c ./User/buffer_fifo.o
 .debug_loc     0x0000000000000211       0xea ./User/main.o
 .debug_loc     0x00000000000002fb       0x55 ./User/system_ch32v00x.o
 .debug_loc     0x0000000000000350       0x37 ./User/table_sin.o
 .debug_loc     0x0000000000000387      0x494 ./User/usart_com.o
 .debug_loc     0x000000000000081b      0x9fa ./Peripheral/src/ch32v00x_adc.o
 .debug_loc     0x0000000000001215      0x6cf ./Peripheral/src/ch32v00x_gpio.o
 .debug_loc     0x00000000000018e4      0x720 ./Peripheral/src/ch32v00x_i2c.o
 .debug_loc     0x0000000000002004       0xce ./Peripheral/src/ch32v00x_misc.o
 .debug_loc     0x00000000000020d2      0x59f ./Peripheral/src/ch32v00x_rcc.o
 .debug_loc     0x0000000000002671     0x1936 ./Peripheral/src/ch32v00x_tim.o
 .debug_loc     0x0000000000003fa7      0x735 ./Peripheral/src/ch32v00x_usart.o
 .debug_loc     0x00000000000046dc      0x19c ./Debug/debug.o

.debug_aranges  0x0000000000000000      0x9e8
 .debug_aranges
                0x0000000000000000       0x40 ./User/DAC_MCP4725.o
 .debug_aranges
                0x0000000000000040       0x40 ./User/buffer_fifo.o
 .debug_aranges
                0x0000000000000080       0x28 ./User/ch32v00x_it.o
 .debug_aranges
                0x00000000000000a8       0x50 ./User/main.o
 .debug_aranges
                0x00000000000000f8       0x28 ./User/system_ch32v00x.o
 .debug_aranges
                0x0000000000000120       0x20 ./User/table_sin.o
 .debug_aranges
                0x0000000000000140       0x70 ./User/usart_com.o
 .debug_aranges
                0x00000000000001b0       0x30 ./Startup/startup_ch32v00x.o
 .debug_aranges
                0x00000000000001e0      0x138 ./Peripheral/src/ch32v00x_adc.o
 .debug_aranges
                0x0000000000000318       0x98 ./Peripheral/src/ch32v00x_gpio.o
 .debug_aranges
                0x00000000000003b0      0x108 ./Peripheral/src/ch32v00x_i2c.o
 .debug_aranges
                0x00000000000004b8       0x28 ./Peripheral/src/ch32v00x_misc.o
 .debug_aranges
                0x00000000000004e0       0xe0 ./Peripheral/src/ch32v00x_rcc.o
 .debug_aranges
                0x00000000000005c0      0x2d8 ./Peripheral/src/ch32v00x_tim.o
 .debug_aranges
                0x0000000000000898      0x100 ./Peripheral/src/ch32v00x_usart.o
 .debug_aranges
                0x0000000000000998       0x50 ./Debug/debug.o

.debug_ranges   0x0000000000000000      0x9b0
 .debug_ranges  0x0000000000000000       0x30 ./User/DAC_MCP4725.o
 .debug_ranges  0x0000000000000030       0x48 ./User/buffer_fifo.o
 .debug_ranges  0x0000000000000078       0x18 ./User/ch32v00x_it.o
 .debug_ranges  0x0000000000000090       0x58 ./User/main.o
 .debug_ranges  0x00000000000000e8       0x48 ./User/system_ch32v00x.o
 .debug_ranges  0x0000000000000130       0x10 ./User/table_sin.o
 .debug_ranges  0x0000000000000140       0x60 ./User/usart_com.o
 .debug_ranges  0x00000000000001a0       0x28 ./Startup/startup_ch32v00x.o
 .debug_ranges  0x00000000000001c8      0x128 ./Peripheral/src/ch32v00x_adc.o
 .debug_ranges  0x00000000000002f0       0x88 ./Peripheral/src/ch32v00x_gpio.o
 .debug_ranges  0x0000000000000378       0xf8 ./Peripheral/src/ch32v00x_i2c.o
 .debug_ranges  0x0000000000000470       0x48 ./Peripheral/src/ch32v00x_misc.o
 .debug_ranges  0x00000000000004b8       0xd0 ./Peripheral/src/ch32v00x_rcc.o
 .debug_ranges  0x0000000000000588      0x2f8 ./Peripheral/src/ch32v00x_tim.o
 .debug_ranges  0x0000000000000880       0xf0 ./Peripheral/src/ch32v00x_usart.o
 .debug_ranges  0x0000000000000970       0x40 ./Debug/debug.o

.debug_line     0x0000000000000000     0xbe05
 .debug_line    0x0000000000000000      0x837 ./User/DAC_MCP4725.o
 .debug_line    0x0000000000000837      0x36c ./User/buffer_fifo.o
 .debug_line    0x0000000000000ba3      0x225 ./User/ch32v00x_it.o
 .debug_line    0x0000000000000dc8      0xd4b ./User/main.o
 .debug_line    0x0000000000001b13      0x7b2 ./User/system_ch32v00x.o
 .debug_line    0x00000000000022c5      0x254 ./User/table_sin.o
 .debug_line    0x0000000000002519      0xc46 ./User/usart_com.o
 .debug_line    0x000000000000315f      0x1ae ./Startup/startup_ch32v00x.o
 .debug_line    0x000000000000330d     0x1440 ./Peripheral/src/ch32v00x_adc.o
 .debug_line    0x000000000000474d      0xd1f ./Peripheral/src/ch32v00x_gpio.o
 .debug_line    0x000000000000546c     0x1082 ./Peripheral/src/ch32v00x_i2c.o
 .debug_line    0x00000000000064ee      0x4cf ./Peripheral/src/ch32v00x_misc.o
 .debug_line    0x00000000000069bd      0xd6a ./Peripheral/src/ch32v00x_rcc.o
 .debug_line    0x0000000000007727     0x305d ./Peripheral/src/ch32v00x_tim.o
 .debug_line    0x000000000000a784      0xf0c ./Peripheral/src/ch32v00x_usart.o
 .debug_line    0x000000000000b690      0x775 ./Debug/debug.o

.debug_str      0x0000000000000000     0x2cea
 .debug_str     0x0000000000000000      0x8bf ./User/DAC_MCP4725.o
                                        0x950 (size before relaxing)
 .debug_str     0x00000000000008bf       0x85 ./User/buffer_fifo.o
                                        0x188 (size before relaxing)
 .debug_str     0x0000000000000944       0x34 ./User/ch32v00x_it.o
                                        0x5b5 (size before relaxing)
 .debug_str     0x0000000000000978      0x77d ./User/main.o
                                        0xfd0 (size before relaxing)
 .debug_str     0x00000000000010f5       0xfd ./User/system_ch32v00x.o
                                        0x72f (size before relaxing)
 .debug_str     0x00000000000011f2       0x1a ./User/table_sin.o
                                        0x5b4 (size before relaxing)
 .debug_str     0x000000000000120c      0x1a2 ./User/usart_com.o
                                        0xc01 (size before relaxing)
 .debug_str     0x00000000000013ae       0x2a ./Startup/startup_ch32v00x.o
                                         0x65 (size before relaxing)
 .debug_str     0x00000000000013d8      0x38d ./Peripheral/src/ch32v00x_adc.o
                                        0xb89 (size before relaxing)
 .debug_str     0x0000000000001765      0x1b7 ./Peripheral/src/ch32v00x_gpio.o
                                        0x948 (size before relaxing)
 .debug_str     0x000000000000191c      0x308 ./Peripheral/src/ch32v00x_i2c.o
                                        0xab1 (size before relaxing)
 .debug_str     0x0000000000001c24       0xe1 ./Peripheral/src/ch32v00x_misc.o
                                        0x911 (size before relaxing)
 .debug_str     0x0000000000001d05      0x21d ./Peripheral/src/ch32v00x_rcc.o
                                        0x9b0 (size before relaxing)
 .debug_str     0x0000000000001f22      0xa0f ./Peripheral/src/ch32v00x_tim.o
                                       0x126a (size before relaxing)
 .debug_str     0x0000000000002931      0x32b ./Peripheral/src/ch32v00x_usart.o
                                        0xaff (size before relaxing)
 .debug_str     0x0000000000002c5c       0x8e ./Debug/debug.o
                                        0x906 (size before relaxing)

.comment        0x0000000000000000       0x33
 .comment       0x0000000000000000       0x33 ./User/DAC_MCP4725.o
                                         0x34 (size before relaxing)
 .comment       0x0000000000000033       0x34 ./User/buffer_fifo.o
 .comment       0x0000000000000033       0x34 ./User/ch32v00x_it.o
 .comment       0x0000000000000033       0x34 ./User/main.o
 .comment       0x0000000000000033       0x34 ./User/system_ch32v00x.o
 .comment       0x0000000000000033       0x34 ./User/table_sin.o
 .comment       0x0000000000000033       0x34 ./User/usart_com.o
 .comment       0x0000000000000033       0x34 ./Peripheral/src/ch32v00x_adc.o
 .comment       0x0000000000000033       0x34 ./Peripheral/src/ch32v00x_gpio.o
 .comment       0x0000000000000033       0x34 ./Peripheral/src/ch32v00x_i2c.o
 .comment       0x0000000000000033       0x34 ./Peripheral/src/ch32v00x_misc.o
 .comment       0x0000000000000033       0x34 ./Peripheral/src/ch32v00x_rcc.o
 .comment       0x0000000000000033       0x34 ./Peripheral/src/ch32v00x_tim.o
 .comment       0x0000000000000033       0x34 ./Peripheral/src/ch32v00x_usart.o
 .comment       0x0000000000000033       0x34 ./Debug/debug.o

.debug_frame    0x0000000000000000     0x1598
 .debug_frame   0x0000000000000000       0xb8 ./User/DAC_MCP4725.o
 .debug_frame   0x00000000000000b8       0x74 ./User/buffer_fifo.o
 .debug_frame   0x000000000000012c       0x30 ./User/ch32v00x_it.o
 .debug_frame   0x000000000000015c      0x130 ./User/main.o
 .debug_frame   0x000000000000028c       0x4c ./User/system_ch32v00x.o
 .debug_frame   0x00000000000002d8       0x30 ./User/table_sin.o
 .debug_frame   0x0000000000000308      0x184 ./User/usart_com.o
 .debug_frame   0x000000000000048c      0x26c ./Peripheral/src/ch32v00x_adc.o
 .debug_frame   0x00000000000006f8      0x150 ./Peripheral/src/ch32v00x_gpio.o
 .debug_frame   0x0000000000000848      0x254 ./Peripheral/src/ch32v00x_i2c.o
 .debug_frame   0x0000000000000a9c       0x30 ./Peripheral/src/ch32v00x_misc.o
 .debug_frame   0x0000000000000acc      0x1c0 ./Peripheral/src/ch32v00x_rcc.o
 .debug_frame   0x0000000000000c8c      0x624 ./Peripheral/src/ch32v00x_tim.o
 .debug_frame   0x00000000000012b0      0x204 ./Peripheral/src/ch32v00x_usart.o
 .debug_frame   0x00000000000014b4       0xe4 ./Debug/debug.o
